
{"testID":43,"error":"Expected: <false>\n  Actual: <true>\n","stackTrace":"package:matcher                               expect\ntest\\v0.1.0\\config_no_confirm_test.dart 42:7  main.<fn>.<fn>\n","isFailure":true,"type":"error","time":610}
{"testID":36,"error":"Expected: <true>\n  Actual: <false>\n","stackTrace":"package:matcher                            expect\ntest\\v0.1.0\\shorebird_args_test.dart 38:7  main.<fn>.<fn>\n","isFailure":true,"type":"error","time":630}
{"test":{"id":74,"name":"RunCommand - Integration Tests Alias Execution shows error when no alias name is provided","suiteID":4,"groupIDs":[29,30,73],"metadata":{"skip":false,"skipReason":null},"line":72,"column":7,"url":"file:///C:/src/self/flutter-dart/cli/fluttercraft/test/v0.0.6/run_command_test.dart"},"type":"testStart","time":639}
{"testID":75,"error":"Expected: <true>\n  Actual: <false>\n","stackTrace":"package:matcher                            expect\ntest\\v0.1.0\\shorebird_args_test.dart 93:7  main.<fn>.<fn>\n","isFailure":true,"type":"error","time":651}
{"testID":77,"error":"Expected: <false>\n  Actual: <true>\n","stackTrace":"package:matcher                             expect\ntest\\v0.1.0\\shorebird_args_test.dart 110:7  main.<fn>.<fn>\n","isFailure":true,"type":"error","time":658}
{"group":{"id":91,"suiteID":4,"parentID":30,"name":"RunCommand - Integration Tests Error Handling","metadata":{"skip":false,"skipReason":null},"testCount":2,"line":154,"column":5,"url":"file:///C:/src/self/flutter-dart/cli/fluttercraft/test/v0.0.6/run_command_test.dart"},"type":"group","time":828}
{"test":{"id":92,"name":"RunCommand - Integration Tests Error Handling handles nonexistent alias gracefully","suiteID":4,"groupIDs":[29,30,91],"metadata":{"skip":false,"skipReason":null},"line":155,"column":7,"url":"file:///C:/src/self/flutter-dart/cli/fluttercraft/test/v0.0.6/run_command_test.dart"},"type":"testStart","time":828}
{"test":{"id":99,"name":"RunCommand - Integration Tests Error Handling handles invalid command gracefully","suiteID":4,"groupIDs":[29,30,91],"metadata":{"skip":false,"skipReason":null},"line":163,"column":7,"url":"file:///C:/src/self/flutter-dart/cli/fluttercraft/test/v0.0.6/run_command_test.dart"},"type":"testStart","time":849}
{"testID":99,"messageType":"print","message":"Γ£û Command failed with exit code 1","type":"print","time":889}
{"test":{"id":145,"name":"BuildConfig - Flavor Resolution (v0.1.1) flavor override throws error when flavor not found in flavors section","suiteID":65,"groupIDs":[102,103,104],"metadata":{"skip":false,"skipReason":null},"line":124,"column":7,"url":"file:///C:/src/self/flutter-dart/cli/fluttercraft/test/v0.1.1/flavor_resolution_test.dart"},"type":"testStart","time":955}

